
> movilizason-crm@0.0.0 build
> vite build

[36mvite v8.0.3 [32mbuilding client environment for production...[36m[39m
[2K
transforming...Γ£ô 1878 modules transformed.
rendering chunks...
node.exe : [31mΓ£ù[39m Build failed 
in 537ms
At line:1 char:1
+ & "C:\Program Files\nodejs/node.exe" 
"C:\Program Files\nodejs/node_mo ...
+ ~~~~~~~~~~~~~~~~~~~~~~~~~~~~~~~~~~~~~
~~~~~~~~~~~~~~~~~~~~~~~~~~~~~~~~
    + CategoryInfo          : NotSpeci 
   fied: ([31mΓ£ù[39m Build failed   
  in 537ms:String) [], RemoteExcepti   
 on
    + FullyQualifiedErrorId : NativeCo 
   mmandError
 
[31merror during build:
[31mBuild failed with 1 error:

[31m[MISSING_EXPORT] Error:[0m 
"GifVertical" is not exported by "node_
modules/lucide-react/dist/esm/lucide-re
act.js".
   [38;5;246mΓò¡[0m[38;5;246mΓöÇ[0m
[38;5;246m[[0m 
src/pages/Communication.jsx:4:122 
[38;5;246m][0m
   [38;5;246mΓöé[0m
 [38;5;246m4 Γöé[0m [38;5;249mi[0m
[38;5;249mm[0m[38;5;249mp[0m[38;5;2
49mo[0m[38;5;249mr[0m[38;5;249mt[0
m[38;5;249m 
[0m[38;5;249m{[0m[38;5;249m [0m[3
8;5;249mH[0m[38;5;249ma[0m[38;5;249
ms[0m[38;5;249mh[0m[38;5;249m,[0m
[38;5;249m [0m[38;5;249mV[0m[38;5;2
49mo[0m[38;5;249ml[0m[38;5;249mu[0
m[38;5;249mm[0m[38;5;249me[0m[38;5
;249m2[0m[38;5;249m,[0m[38;5;249m 
[0m[38;5;249mM[0m[38;5;249mi[0m[38
;5;249mc[0m[38;5;249m,[0m[38;5;249m
 [0m[38;5;249mM[0m[38;5;249mi[0m[
38;5;249mc[0m[38;5;249mO[0m[38;5;24
9mf[0m[38;5;249mf[0m[38;5;249m,[0m
[38;5;249m [0m[38;5;249mV[0m[38;5;
249mi[0m[38;5;249md[0m[38;5;249me[
0m[38;5;249mo[0m[38;5;249m,[0m[38;
5;249m [0m[38;5;249mV[0m[38;5;249mi
[0m[38;5;249md[0m[38;5;249me[0m[3
8;5;249mo[0m[38;5;249mO[0m[38;5;249
mf[0m[38;5;249mf[0m[38;5;249m,[0m
[38;5;249m [0m[38;5;249mP[0m[38;5;2
49mh[0m[38;5;249mo[0m[38;5;249mn[0
m[38;5;249me[0m[38;5;249mO[0m[38;5
;249mf[0m[38;5;249mf[0m[38;5;249m,
[0m[38;5;249m [0m[38;5;249mS[0m[38
;5;249me[0m[38;5;249mt[0m[38;5;249m
t[0m[38;5;249mi[0m[38;5;249mn[0m[
38;5;249mg[0m[38;5;249ms[0m[38;5;24
9m,[0m[38;5;249m [0m[38;5;249mP[0m
[38;5;249ml[0m[38;5;249mu[0m[38;5;
249ms[0m[38;5;249m,[0m[38;5;249m [
0m[38;5;249mU[0m[38;5;249ms[0m[38;
5;249me[0m[38;5;249mr[0m[38;5;249ms
[0m[38;5;249m,[0m[38;5;249m [0m[3
8;5;249mS[0m[38;5;249me[0m[38;5;249
ma[0m[38;5;249mr[0m[38;5;249mc[0m
[38;5;249mh[0m[38;5;249m,[0m[38;5;2
49m [0m[38;5;249mI[0m[38;5;249mn[0
m[38;5;249mb[0m[38;5;249mo[0m[38;5
;249mx[0m[38;5;249m,[0m[38;5;249m 
[0m[38;5;249mH[0m[38;5;249me[0m[38
;5;249ml[0m[38;5;249mp[0m[38;5;249m
C[0m[38;5;249mi[0m[38;5;249mr[0m[
38;5;249mc[0m[38;5;249ml[0m[38;5;24
9me[0m[38;5;249m,[0m[38;5;249m [0m
[38;5;249mS[0m[38;5;249mm[0m[38;5;
249mi[0m[38;5;249ml[0m[38;5;249me[
0m[38;5;249m,[0m[38;5;249m [0mGifVe
rtical[38;5;249m,[0m[38;5;249m [0m
[38;5;249mS[0m[38;5;249mt[0m[38;5;2
49mi[0m[38;5;249mc[0m[38;5;249mk[0
m[38;5;249me[0m[38;5;249mr[0m[38;5
;249m,[0m[38;5;249m [0m[38;5;249mP
[0m[38;5;249ml[0m[38;5;249mu[0m[38
;5;249ms[0m[38;5;249mC[0m[38;5;249m
i[0m[38;5;249mr[0m[38;5;249mc[0m[
38;5;249ml[0m[38;5;249me[0m[38;5;24
9m,[0m[38;5;249m [0m[38;5;249mL[0m
[38;5;249ma[0m[38;5;249my[0m[38;5;
249mo[0m[38;5;249mu[0m[38;5;249mt[
0m[38;5;249mG[0m[38;5;249mr[0m[38;
5;249mi[0m[38;5;249md[0m[38;5;249m 
[0m[38;5;249m}[0m[38;5;249m [0m[3
8;5;249mf[0m[38;5;249mr[0m[38;5;249
mo[0m[38;5;249mm[0m[38;5;249m [0m
[38;5;249m"[0m[38;5;249ml[0m[38;5;2
49mu[0m[38;5;249mc[0m[38;5;249mi[0
m[38;5;249md[0m[38;5;249me[0m[38;5
;249m-[0m[38;5;249mr[0m[38;5;249me
[0m[38;5;249ma[0m[38;5;249mc[0m[38
;5;249mt[0m[38;5;249m"[0m[38;5;249m
;[0m
 [38;5;240m  Γöé[0m                  
                                       
                                       
                          
ΓöÇΓöÇΓöÇΓöÇΓöÇΓö¼ΓöÇΓöÇΓöÇΓöÇΓöÇ  
 [38;5;240m  Γöé[0m                  
                                       
                                       
                               
Γò░ΓöÇΓöÇΓöÇΓöÇΓöÇΓöÇΓöÇ Missing export
[38;5;246mΓöÇΓöÇΓöÇΓò»[0m
[31m
    at 
aggregateBindingErrorsIntoJsError (file
:///C:/Users/Broly/Desktop/MovilizaSon%
20CRM/node_modules/rolldown/dist/shared
/error-BLhcSyeg.mjs:48:18)
    at unwrapBindingResult (file:///C:/
Users/Broly/Desktop/MovilizaSon%20CRM/n
ode_modules/rolldown/dist/shared/error-
BLhcSyeg.mjs:18:128)
    at #build (file:///C:/Users/Broly/D
esktop/MovilizaSon%20CRM/node_modules/r
olldown/dist/shared/rolldown-build-CPrI
X9V6.mjs:3313:34)
    at async buildEnvironment (file:///
C:/Users/Broly/Desktop/MovilizaSon%20CR
M/node_modules/vite/dist/node/chunks/no
de.js:32849:64)
    at async Object.build (file:///C:/U
sers/Broly/Desktop/MovilizaSon%20CRM/no
de_modules/vite/dist/node/chunks/node.j
s:33271:19)
    at async Object.buildApp (file:///C
:/Users/Broly/Desktop/MovilizaSon%20CRM
/node_modules/vite/dist/node/chunks/nod
e.js:33268:153)
    at async CAC.<anonymous> (file:///C
:/Users/Broly/Desktop/MovilizaSon%20CRM
/node_modules/vite/dist/node/cli.js:778
:3) {
  errors: [Getter/Setter]
}[39m
